01 Palm Trees.wav
29493c83
02 Loving Your Dog.wav
a6a6736b
03 Laundry Day.wav
2b62ea05
04 Goodbye.wav
f8cefa93
05 Palm Trees Tavern.wav
5c2c7a5f
06 Good Golly Grandma.wav
7abcc091
07 Roku.wav
fb8c4ca6
08 Ninja Child.wav
ed4ef8a1
09 Alien Resident.wav
9437529e
10 Forgotten....wav
ab228ed3
11 Theme of ''GRAPE APE''.wav
a2402eb3
12 Theme (Piano Version).wav
986dfaca
