 0 29493c83 01 Palm Trees.wav
 1 a6a6736b 02 Loving Your Dog.wav
 2 2b62ea05 03 Laundry Day.wav
 3 f8cefa93 04 Goodbye.wav
 4 5c2c7a5f 05 Palm Trees Tavern.wav
 5 7abcc091 06 Good Golly Grandma.wav
 6 fb8c4ca6 07 Roku.wav
 7 ed4ef8a1 08 Ninja Child.wav
 8 9437529e 09 Alien Resident.wav
 9 ab228ed3 10 Forgotten....wav
10 a2402eb3 11 Theme of ''GRAPE APE''.wav
11 986dfaca 12 Theme (Piano Version).wav
